/home/longvh12/portingrtu/g474_modbus_test/Core/Src/main.c:76:5:main	16	static
/home/longvh12/portingrtu/g474_modbus_test/Core/Src/main.c:188:6:SystemClock_Config	88	static
/home/longvh12/portingrtu/g474_modbus_test/Core/Src/main.c:234:13:MX_LPUART1_UART_Init	8	static
/home/longvh12/portingrtu/g474_modbus_test/Core/Src/main.c:269:13:MX_USART2_UART_Init	8	static
/home/longvh12/portingrtu/g474_modbus_test/Core/Src/main.c:317:13:MX_USART3_UART_Init	8	static
/home/longvh12/portingrtu/g474_modbus_test/Core/Src/main.c:363:13:MX_DMA_Init	16	static
/home/longvh12/portingrtu/g474_modbus_test/Core/Src/main.c:382:13:MX_GPIO_Init	24	static
/home/longvh12/portingrtu/g474_modbus_test/Core/Src/main.c:407:1:__io_putchar	16	static
/home/longvh12/portingrtu/g474_modbus_test/Core/Src/main.c:418:6:Error_Handler	4	static
